Archive member included because of file (symbol)

c:/ayaya/nti 4 month/flashdrive/nti/sdk_win_64/sdk_win_64/winavr/bin/../lib/gcc/avr/4.3.3/avr5\libgcc.a(_mulsi3.o)
                              ./HAL/LDR/LDR_prg.o (__mulsi3)
c:/ayaya/nti 4 month/flashdrive/nti/sdk_win_64/sdk_win_64/winavr/bin/../lib/gcc/avr/4.3.3/avr5\libgcc.a(_udivmodqi4.o)
                              ./HAL/RTC/RTC.o (__udivmodqi4)
c:/ayaya/nti 4 month/flashdrive/nti/sdk_win_64/sdk_win_64/winavr/bin/../lib/gcc/avr/4.3.3/avr5\libgcc.a(_udivmodhi4.o)
                              ./HAL/LM35/LM35_Prog.o (__udivmodhi4)
c:/ayaya/nti 4 month/flashdrive/nti/sdk_win_64/sdk_win_64/winavr/bin/../lib/gcc/avr/4.3.3/avr5\libgcc.a(_udivmodsi4.o)
                              ./MCAL/UART/Uart.o (__udivmodsi4)
c:/ayaya/nti 4 month/flashdrive/nti/sdk_win_64/sdk_win_64/winavr/bin/../lib/gcc/avr/4.3.3/avr5\libgcc.a(_divmodsi4.o)
                              ./HAL/LDR/LDR_prg.o (__divmodsi4)
c:/ayaya/nti 4 month/flashdrive/nti/sdk_win_64/sdk_win_64/winavr/bin/../lib/gcc/avr/4.3.3/avr5\libgcc.a(_exit.o)
                              c:/ayaya/nti 4 month/flashdrive/nti/sdk_win_64/sdk_win_64/winavr/bin/../lib/gcc/avr/4.3.3/../../../../avr/lib/avr5/crtm32.o (exit)
c:/ayaya/nti 4 month/flashdrive/nti/sdk_win_64/sdk_win_64/winavr/bin/../lib/gcc/avr/4.3.3/avr5\libgcc.a(_copy_data.o)
                              ./SERVICE/DisplayDateTime/DisplayDateTime.o (__do_copy_data)
c:/ayaya/nti 4 month/flashdrive/nti/sdk_win_64/sdk_win_64/winavr/bin/../lib/gcc/avr/4.3.3/avr5\libgcc.a(_clear_bss.o)
                              ./SERVICE/SET_ON_FLAG/setOnFlag.o (__do_clear_bss)
c:/ayaya/nti 4 month/flashdrive/nti/sdk_win_64/sdk_win_64/winavr/bin/../lib/gcc/avr/4.3.3/../../../../avr/lib/avr5\libc.a(sprintf.o)
                              ./SERVICE/DisplayDateTime/DisplayDateTime.o (sprintf)
c:/ayaya/nti 4 month/flashdrive/nti/sdk_win_64/sdk_win_64/winavr/bin/../lib/gcc/avr/4.3.3/../../../../avr/lib/avr5\libc.a(vfprintf_std.o)
                              c:/ayaya/nti 4 month/flashdrive/nti/sdk_win_64/sdk_win_64/winavr/bin/../lib/gcc/avr/4.3.3/../../../../avr/lib/avr5\libc.a(sprintf.o) (vfprintf)
c:/ayaya/nti 4 month/flashdrive/nti/sdk_win_64/sdk_win_64/winavr/bin/../lib/gcc/avr/4.3.3/../../../../avr/lib/avr5\libc.a(strnlen_P.o)
                              c:/ayaya/nti 4 month/flashdrive/nti/sdk_win_64/sdk_win_64/winavr/bin/../lib/gcc/avr/4.3.3/../../../../avr/lib/avr5\libc.a(vfprintf_std.o) (strnlen_P)
c:/ayaya/nti 4 month/flashdrive/nti/sdk_win_64/sdk_win_64/winavr/bin/../lib/gcc/avr/4.3.3/../../../../avr/lib/avr5\libc.a(strnlen.o)
                              c:/ayaya/nti 4 month/flashdrive/nti/sdk_win_64/sdk_win_64/winavr/bin/../lib/gcc/avr/4.3.3/../../../../avr/lib/avr5\libc.a(vfprintf_std.o) (strnlen)
c:/ayaya/nti 4 month/flashdrive/nti/sdk_win_64/sdk_win_64/winavr/bin/../lib/gcc/avr/4.3.3/../../../../avr/lib/avr5\libc.a(fputc.o)
                              c:/ayaya/nti 4 month/flashdrive/nti/sdk_win_64/sdk_win_64/winavr/bin/../lib/gcc/avr/4.3.3/../../../../avr/lib/avr5\libc.a(vfprintf_std.o) (fputc)
c:/ayaya/nti 4 month/flashdrive/nti/sdk_win_64/sdk_win_64/winavr/bin/../lib/gcc/avr/4.3.3/../../../../avr/lib/avr5\libc.a(ultoa_invert.o)
                              c:/ayaya/nti 4 month/flashdrive/nti/sdk_win_64/sdk_win_64/winavr/bin/../lib/gcc/avr/4.3.3/../../../../avr/lib/avr5\libc.a(vfprintf_std.o) (__ultoa_invert)
c:/ayaya/nti 4 month/flashdrive/nti/sdk_win_64/sdk_win_64/winavr/bin/../lib/gcc/avr/4.3.3/avr5\libgcc.a(_prologue.o)
                              c:/ayaya/nti 4 month/flashdrive/nti/sdk_win_64/sdk_win_64/winavr/bin/../lib/gcc/avr/4.3.3/../../../../avr/lib/avr5\libc.a(sprintf.o) (__prologue_saves__)
c:/ayaya/nti 4 month/flashdrive/nti/sdk_win_64/sdk_win_64/winavr/bin/../lib/gcc/avr/4.3.3/avr5\libgcc.a(_epilogue.o)
                              c:/ayaya/nti 4 month/flashdrive/nti/sdk_win_64/sdk_win_64/winavr/bin/../lib/gcc/avr/4.3.3/../../../../avr/lib/avr5\libc.a(sprintf.o) (__epilogue_restores__)

Allocating common symbols
Common symbol       size              file

lockedFlag          0x1               ./SERVICE/SET_ON_FLAG/setOnFlag.o
temp_password       0x1               ./SERVICE/OpenDoor/OpenDoor.o
fourth              0x1               ./SERVICE/OpenDoor/OpenDoor.o
temp                0x1               ./SERVICE/OpenDoor/OpenDoor.o
second              0x1               ./SERVICE/OpenDoor/OpenDoor.o
Get_character       0x1               ./SERVICE/OpenDoor/OpenDoor.o
buffer              0x14              ./SERVICE/DisplayDateTime/DisplayDateTime.o
c                   0x1               ./SERVICE/OpenDoor/OpenDoor.o
login_flag          0x1               ./SERVICE/OpenDoor/OpenDoor.o
temp2_password      0x1               ./SERVICE/OpenDoor/OpenDoor.o
third               0x1               ./SERVICE/OpenDoor/OpenDoor.o
first               0x1               ./SERVICE/OpenDoor/OpenDoor.o
Set_flag            0x1               ./SERVICE/OpenDoor/OpenDoor.o
onFlag              0x1               ./SERVICE/SET_ON_FLAG/setOnFlag.o

Memory Configuration

Name             Origin             Length             Attributes
text             0x00000000         0x00020000         xr
data             0x00800060         0x0000ffa0         rw !x
eeprom           0x00810000         0x00010000         rw !x
fuse             0x00820000         0x00000400         rw !x
lock             0x00830000         0x00000400         rw !x
signature        0x00840000         0x00000400         rw !x
*default*        0x00000000         0xffffffff

Linker script and memory map

LOAD c:/ayaya/nti 4 month/flashdrive/nti/sdk_win_64/sdk_win_64/winavr/bin/../lib/gcc/avr/4.3.3/../../../../avr/lib/avr5/crtm32.o
LOAD ./SERVICE/TempControl/TempControl.o
LOAD ./SERVICE/SET_ON_FLAG/setOnFlag.o
LOAD ./SERVICE/OpenDoor/OpenDoor.o
LOAD ./SERVICE/LockHouse/lockHouse.o
LOAD ./SERVICE/LEDs_Control/SERVICE_LEDS_Control.o
LOAD ./SERVICE/EnterPass/EnterPass.o
LOAD ./SERVICE/EVERYTHING_ON/EverythingOn.o
LOAD ./SERVICE/DisplayDateTime/DisplayDateTime.o
LOAD ./SERVICE/CurtainsSetFlag/prog.o
LOAD ./SERVICE/CheckIR/Check_IR.o
LOAD ./MCAL/UART/Uart.o
LOAD ./MCAL/Timer1/Timer1_prog.o
LOAD ./MCAL/Timer0/Timer0.o
LOAD ./MCAL/I2C/I2C.o
LOAD ./MCAL/I2C/twi.o
LOAD ./MCAL/EXT/External_interrupt.o
LOAD ./MCAL/EEPROM/external_eeprom.o
LOAD ./MCAL/DIO/DIO.o
LOAD ./MCAL/ADC/ADC_prog.o
LOAD ./HAL/Solenoid/Solenoid.o
LOAD ./HAL/SERVO/Servo.o
LOAD ./HAL/RTC/RTC.o
LOAD ./HAL/Password/Password.o
LOAD ./HAL/PIR/PIR.o
LOAD ./HAL/LM35/LM35_Prog.o
LOAD ./HAL/LED/LED.o
LOAD ./HAL/LDR/LDR_prg.o
LOAD ./HAL/LCD/lcd_Prog.o
LOAD ./HAL/KeyPad/keypad.o
LOAD ./HAL/IR/IR_Prog.o
LOAD ./HAL/DC TRIAL/DC TRIAL/DCMOTOR_Prog.o
LOAD ./HAL/DC TRIAL/DC TRIAL/DIO.o
LOAD ./HAL/Buzzrer/Buzzer.o
LOAD ./HAL/Button/Button.o
LOAD ./APP/App.o
LOAD ./main.o
LOAD c:/ayaya/nti 4 month/flashdrive/nti/sdk_win_64/sdk_win_64/winavr/bin/../lib/gcc/avr/4.3.3/avr5\libgcc.a
LOAD c:/ayaya/nti 4 month/flashdrive/nti/sdk_win_64/sdk_win_64/winavr/bin/../lib/gcc/avr/4.3.3/../../../../avr/lib/avr5\libc.a
LOAD c:/ayaya/nti 4 month/flashdrive/nti/sdk_win_64/sdk_win_64/winavr/bin/../lib/gcc/avr/4.3.3/avr5\libgcc.a

.hash
 *(.hash)

.dynsym
 *(.dynsym)

.dynstr
 *(.dynstr)

.gnu.version
 *(.gnu.version)

.gnu.version_d
 *(.gnu.version_d)

.gnu.version_r
 *(.gnu.version_r)

.rel.init
 *(.rel.init)

.rela.init
 *(.rela.init)

.rel.text
 *(.rel.text)
 *(.rel.text.*)
 *(.rel.gnu.linkonce.t*)

.rela.text
 *(.rela.text)
 *(.rela.text.*)
 *(.rela.gnu.linkonce.t*)

.rel.fini
 *(.rel.fini)

.rela.fini
 *(.rela.fini)

.rel.rodata
 *(.rel.rodata)
 *(.rel.rodata.*)
 *(.rel.gnu.linkonce.r*)

.rela.rodata
 *(.rela.rodata)
 *(.rela.rodata.*)
 *(.rela.gnu.linkonce.r*)

.rel.data
 *(.rel.data)
 *(.rel.data.*)
 *(.rel.gnu.linkonce.d*)

.rela.data
 *(.rela.data)
 *(.rela.data.*)
 *(.rela.gnu.linkonce.d*)

.rel.ctors
 *(.rel.ctors)

.rela.ctors
 *(.rela.ctors)

.rel.dtors
 *(.rel.dtors)

.rela.dtors
 *(.rela.dtors)

.rel.got
 *(.rel.got)

.rela.got
 *(.rela.got)

.rel.bss
 *(.rel.bss)

.rela.bss
 *(.rela.bss)

.rel.plt
 *(.rel.plt)

.rela.plt
 *(.rela.plt)

.text           0x00000000     0x2fee
 *(.vectors)
 .vectors       0x00000000       0x54 c:/ayaya/nti 4 month/flashdrive/nti/sdk_win_64/sdk_win_64/winavr/bin/../lib/gcc/avr/4.3.3/../../../../avr/lib/avr5/crtm32.o
                0x00000000                __vectors
                0x00000000                __vector_default
 *(.vectors)
 *(.progmem.gcc*)
 *(.progmem*)
                0x00000054                . = ALIGN (0x2)
                0x00000054                __trampolines_start = .
 *(.trampolines)
 .trampolines   0x00000054        0x0 linker stubs
 *(.trampolines*)
                0x00000054                __trampolines_end = .
 *(.jumptables)
 *(.jumptables*)
 *(.lowtext)
 *(.lowtext*)
                0x00000054                __ctors_start = .
 *(.ctors)
                0x00000054                __ctors_end = .
                0x00000054                __dtors_start = .
 *(.dtors)
                0x00000054                __dtors_end = .
 SORT(*)(.ctors)
 SORT(*)(.dtors)
 *(.init0)
 .init0         0x00000054        0x0 c:/ayaya/nti 4 month/flashdrive/nti/sdk_win_64/sdk_win_64/winavr/bin/../lib/gcc/avr/4.3.3/../../../../avr/lib/avr5/crtm32.o
                0x00000054                __init
 *(.init0)
 *(.init1)
 *(.init1)
 *(.init2)
 .init2         0x00000054        0xc c:/ayaya/nti 4 month/flashdrive/nti/sdk_win_64/sdk_win_64/winavr/bin/../lib/gcc/avr/4.3.3/../../../../avr/lib/avr5/crtm32.o
 *(.init2)
 *(.init3)
 *(.init3)
 *(.init4)
 .init4         0x00000060       0x16 c:/ayaya/nti 4 month/flashdrive/nti/sdk_win_64/sdk_win_64/winavr/bin/../lib/gcc/avr/4.3.3/avr5\libgcc.a(_copy_data.o)
                0x00000060                __do_copy_data
 .init4         0x00000076       0x10 c:/ayaya/nti 4 month/flashdrive/nti/sdk_win_64/sdk_win_64/winavr/bin/../lib/gcc/avr/4.3.3/avr5\libgcc.a(_clear_bss.o)
                0x00000076                __do_clear_bss
 *(.init4)
 *(.init5)
 *(.init5)
 *(.init6)
 *(.init6)
 *(.init7)
 *(.init7)
 *(.init8)
 *(.init8)
 *(.init9)
 .init9         0x00000086        0x8 c:/ayaya/nti 4 month/flashdrive/nti/sdk_win_64/sdk_win_64/winavr/bin/../lib/gcc/avr/4.3.3/../../../../avr/lib/avr5/crtm32.o
 *(.init9)
 *(.text)
 .text          0x0000008e        0x4 c:/ayaya/nti 4 month/flashdrive/nti/sdk_win_64/sdk_win_64/winavr/bin/../lib/gcc/avr/4.3.3/../../../../avr/lib/avr5/crtm32.o
                0x0000008e                __vector_12
                0x0000008e                __bad_interrupt
                0x0000008e                __vector_11
                0x0000008e                __vector_17
                0x0000008e                __vector_19
                0x0000008e                __vector_5
                0x0000008e                __vector_4
                0x0000008e                __vector_10
                0x0000008e                __vector_16
                0x0000008e                __vector_18
                0x0000008e                __vector_20
 .text          0x00000092        0x0 ./SERVICE/TempControl/TempControl.o
 .text          0x00000092        0x0 ./SERVICE/SET_ON_FLAG/setOnFlag.o
 .text          0x00000092        0x0 ./SERVICE/OpenDoor/OpenDoor.o
 .text          0x00000092        0x0 ./SERVICE/LockHouse/lockHouse.o
 .text          0x00000092        0x0 ./SERVICE/LEDs_Control/SERVICE_LEDS_Control.o
 .text          0x00000092        0x0 ./SERVICE/EnterPass/EnterPass.o
 .text          0x00000092        0x0 ./SERVICE/EVERYTHING_ON/EverythingOn.o
 .text          0x00000092        0x0 ./SERVICE/DisplayDateTime/DisplayDateTime.o
 .text          0x00000092        0x0 ./SERVICE/CurtainsSetFlag/prog.o
 .text          0x00000092        0x0 ./SERVICE/CheckIR/Check_IR.o
 .text          0x00000092        0x0 ./MCAL/UART/Uart.o
 .text          0x00000092        0x0 ./MCAL/Timer1/Timer1_prog.o
 .text          0x00000092        0x0 ./MCAL/Timer0/Timer0.o
 .text          0x00000092        0x0 ./MCAL/I2C/I2C.o
 .text          0x00000092        0x0 ./MCAL/I2C/twi.o
 .text          0x00000092        0x0 ./MCAL/EXT/External_interrupt.o
 .text          0x00000092        0x0 ./MCAL/EEPROM/external_eeprom.o
 .text          0x00000092        0x0 ./MCAL/DIO/DIO.o
 .text          0x00000092        0x0 ./MCAL/ADC/ADC_prog.o
 .text          0x00000092        0x0 ./HAL/Solenoid/Solenoid.o
 .text          0x00000092        0x0 ./HAL/SERVO/Servo.o
 .text          0x00000092        0x0 ./HAL/RTC/RTC.o
 .text          0x00000092        0x0 ./HAL/Password/Password.o
 .text          0x00000092        0x0 ./HAL/PIR/PIR.o
 .text          0x00000092        0x0 ./HAL/LM35/LM35_Prog.o
 .text          0x00000092        0x0 ./HAL/LED/LED.o
 .text          0x00000092        0x0 ./HAL/LDR/LDR_prg.o
 .text          0x00000092        0x0 ./HAL/LCD/lcd_Prog.o
 .text          0x00000092        0x0 ./HAL/KeyPad/keypad.o
 .text          0x00000092        0x0 ./HAL/IR/IR_Prog.o
 .text          0x00000092        0x0 ./HAL/DC TRIAL/DC TRIAL/DCMOTOR_Prog.o
 .text          0x00000092        0x0 ./HAL/DC TRIAL/DC TRIAL/DIO.o
 .text          0x00000092        0x0 ./HAL/Buzzrer/Buzzer.o
 .text          0x00000092        0x0 ./HAL/Button/Button.o
 .text          0x00000092        0x0 ./APP/App.o
 .text          0x00000092        0x0 ./main.o
 .text          0x00000092        0x0 c:/ayaya/nti 4 month/flashdrive/nti/sdk_win_64/sdk_win_64/winavr/bin/../lib/gcc/avr/4.3.3/avr5\libgcc.a(_mulsi3.o)
 .text          0x00000092        0x0 c:/ayaya/nti 4 month/flashdrive/nti/sdk_win_64/sdk_win_64/winavr/bin/../lib/gcc/avr/4.3.3/avr5\libgcc.a(_udivmodqi4.o)
 .text          0x00000092        0x0 c:/ayaya/nti 4 month/flashdrive/nti/sdk_win_64/sdk_win_64/winavr/bin/../lib/gcc/avr/4.3.3/avr5\libgcc.a(_udivmodhi4.o)
 .text          0x00000092        0x0 c:/ayaya/nti 4 month/flashdrive/nti/sdk_win_64/sdk_win_64/winavr/bin/../lib/gcc/avr/4.3.3/avr5\libgcc.a(_udivmodsi4.o)
 .text          0x00000092        0x0 c:/ayaya/nti 4 month/flashdrive/nti/sdk_win_64/sdk_win_64/winavr/bin/../lib/gcc/avr/4.3.3/avr5\libgcc.a(_divmodsi4.o)
 .text          0x00000092        0x0 c:/ayaya/nti 4 month/flashdrive/nti/sdk_win_64/sdk_win_64/winavr/bin/../lib/gcc/avr/4.3.3/avr5\libgcc.a(_exit.o)
 .text          0x00000092        0x0 c:/ayaya/nti 4 month/flashdrive/nti/sdk_win_64/sdk_win_64/winavr/bin/../lib/gcc/avr/4.3.3/avr5\libgcc.a(_copy_data.o)
 .text          0x00000092        0x0 c:/ayaya/nti 4 month/flashdrive/nti/sdk_win_64/sdk_win_64/winavr/bin/../lib/gcc/avr/4.3.3/avr5\libgcc.a(_clear_bss.o)
 .text          0x00000092        0x0 c:/ayaya/nti 4 month/flashdrive/nti/sdk_win_64/sdk_win_64/winavr/bin/../lib/gcc/avr/4.3.3/../../../../avr/lib/avr5\libc.a(sprintf.o)
 .text          0x00000092        0x0 c:/ayaya/nti 4 month/flashdrive/nti/sdk_win_64/sdk_win_64/winavr/bin/../lib/gcc/avr/4.3.3/../../../../avr/lib/avr5\libc.a(vfprintf_std.o)
 .text          0x00000092        0x0 c:/ayaya/nti 4 month/flashdrive/nti/sdk_win_64/sdk_win_64/winavr/bin/../lib/gcc/avr/4.3.3/../../../../avr/lib/avr5\libc.a(strnlen_P.o)
 .text          0x00000092        0x0 c:/ayaya/nti 4 month/flashdrive/nti/sdk_win_64/sdk_win_64/winavr/bin/../lib/gcc/avr/4.3.3/../../../../avr/lib/avr5\libc.a(strnlen.o)
 .text          0x00000092        0x0 c:/ayaya/nti 4 month/flashdrive/nti/sdk_win_64/sdk_win_64/winavr/bin/../lib/gcc/avr/4.3.3/../../../../avr/lib/avr5\libc.a(fputc.o)
 .text          0x00000092        0x0 c:/ayaya/nti 4 month/flashdrive/nti/sdk_win_64/sdk_win_64/winavr/bin/../lib/gcc/avr/4.3.3/../../../../avr/lib/avr5\libc.a(ultoa_invert.o)
 .text          0x00000092        0x0 c:/ayaya/nti 4 month/flashdrive/nti/sdk_win_64/sdk_win_64/winavr/bin/../lib/gcc/avr/4.3.3/avr5\libgcc.a(_prologue.o)
 .text          0x00000092        0x0 c:/ayaya/nti 4 month/flashdrive/nti/sdk_win_64/sdk_win_64/winavr/bin/../lib/gcc/avr/4.3.3/avr5\libgcc.a(_epilogue.o)
                0x00000092                . = ALIGN (0x2)
 *(.text.*)
 .text.SERVICE_TempControl
                0x00000092       0x5a ./SERVICE/TempControl/TempControl.o
                0x00000092                SERVICE_TempControl
 .text.SERVICE_SET_ON_FLAG
                0x000000ec       0x10 ./SERVICE/SET_ON_FLAG/setOnFlag.o
                0x000000ec                SERVICE_SET_ON_FLAG
 .text.SERVICE_OPEN_DOOR
                0x000000fc       0x12 ./SERVICE/OpenDoor/OpenDoor.o
                0x000000fc                SERVICE_OPEN_DOOR
 .text.lockHouse
                0x0000010e        0xc ./SERVICE/LockHouse/lockHouse.o
                0x0000010e                lockHouse
 .text.SERVICE_LEDS_Control
                0x0000011a       0x5a ./SERVICE/LEDs_Control/SERVICE_LEDS_Control.o
                0x0000011a                SERVICE_LEDS_Control
 .text.func_ext_int_0.1349
                0x00000174       0x12 ./SERVICE/LEDs_Control/SERVICE_LEDS_Control.o
 .text.SERVICE_EVERYTHING_ON
                0x00000186       0x34 ./SERVICE/EVERYTHING_ON/EverythingOn.o
                0x00000186                SERVICE_EVERYTHING_ON
 .text.SERVICE_DisplayDateTime
                0x000001ba      0x114 ./SERVICE/DisplayDateTime/DisplayDateTime.o
                0x000001ba                SERVICE_DisplayDateTime
 .text.SERVICE_Set_Flag
                0x000002ce       0x16 ./SERVICE/CurtainsSetFlag/prog.o
                0x000002ce                SERVICE_Set_Flag
 .text.Check_LDR
                0x000002e4       0x26 ./SERVICE/CurtainsSetFlag/prog.o
                0x000002e4                Check_LDR
 .text.SERVICE_Curtain_Control
                0x0000030a       0x16 ./SERVICE/CurtainsSetFlag/prog.o
                0x0000030a                SERVICE_Curtain_Control
 .text.SERVICE_Check_IR
                0x00000320       0x3a ./SERVICE/CheckIR/Check_IR.o
                0x00000320                SERVICE_Check_IR
 .text.MCAL_UART_init
                0x0000035a       0x44 ./MCAL/UART/Uart.o
                0x0000035a                MCAL_UART_init
 .text.MCAL_UART_send_sysch
                0x0000039e        0xa ./MCAL/UART/Uart.o
                0x0000039e                MCAL_UART_send_sysch
 .text.MCAL_UART_TXC_Enable
                0x000003a8        0x8 ./MCAL/UART/Uart.o
                0x000003a8                MCAL_UART_TXC_Enable
 .text.MCAL_UART_UDRE_Enable
                0x000003b0        0x8 ./MCAL/UART/Uart.o
                0x000003b0                MCAL_UART_UDRE_Enable
 .text.MCAL_UART_send_str_sysch
                0x000003b8       0x1c ./MCAL/UART/Uart.o
                0x000003b8                MCAL_UART_send_str_sysch
 .text.MCAL_UART_receive_sysch
                0x000003d4        0x8 ./MCAL/UART/Uart.o
                0x000003d4                MCAL_UART_receive_sysch
 .text.MCAL_UART_RXC_Enable
                0x000003dc        0x8 ./MCAL/UART/Uart.o
                0x000003dc                MCAL_UART_RXC_Enable
 .text.MCAL_UART_setCAllBACK
                0x000003e4       0x3a ./MCAL/UART/Uart.o
                0x000003e4                MCAL_UART_setCAllBACK
 .text.Uart_ReceiveByte_Unblock
                0x0000041e        0xc ./MCAL/UART/Uart.o
                0x0000041e                Uart_ReceiveByte_Unblock
 .text.__vector_13
                0x0000042a       0x52 ./MCAL/UART/Uart.o
                0x0000042a                __vector_13
 .text.__vector_15
                0x0000047c       0x52 ./MCAL/UART/Uart.o
                0x0000047c                __vector_15
 .text.__vector_14
                0x000004ce       0x52 ./MCAL/UART/Uart.o
                0x000004ce                __vector_14
 .text.Timer1_Init
                0x00000520       0x8a ./MCAL/Timer1/Timer1_prog.o
                0x00000520                Timer1_Init
 .text.Timer1_OCRA1Mode
                0x000005aa       0x3a ./MCAL/Timer1/Timer1_prog.o
                0x000005aa                Timer1_OCRA1Mode
 .text.Timer1_OCRB1Mode
                0x000005e4       0x3a ./MCAL/Timer1/Timer1_prog.o
                0x000005e4                Timer1_OCRB1Mode
 .text.Timer1_InputCaptureEdge
                0x0000061e       0x18 ./MCAL/Timer1/Timer1_prog.o
                0x0000061e                Timer1_InputCaptureEdge
 .text.Timer1_ICU_InterruptEnable
                0x00000636        0x8 ./MCAL/Timer1/Timer1_prog.o
                0x00000636                Timer1_ICU_InterruptEnable
 .text.Timer1_ICU_InterruptDisable
                0x0000063e        0x8 ./MCAL/Timer1/Timer1_prog.o
                0x0000063e                Timer1_ICU_InterruptDisable
 .text.Timer1_OVF_InterruptEnable
                0x00000646        0x8 ./MCAL/Timer1/Timer1_prog.o
                0x00000646                Timer1_OVF_InterruptEnable
 .text.Timer1_OVF_InterruptDisable
                0x0000064e        0x8 ./MCAL/Timer1/Timer1_prog.o
                0x0000064e                Timer1_OVF_InterruptDisable
 .text.Timer1_OCA_InterruptEnable
                0x00000656        0x8 ./MCAL/Timer1/Timer1_prog.o
                0x00000656                Timer1_OCA_InterruptEnable
 .text.Timer1_OCA_InterruptDisable
                0x0000065e        0x8 ./MCAL/Timer1/Timer1_prog.o
                0x0000065e                Timer1_OCA_InterruptDisable
 .text.Timer1_OCB_InterruptEnable
                0x00000666        0x8 ./MCAL/Timer1/Timer1_prog.o
                0x00000666                Timer1_OCB_InterruptEnable
 .text.Timer1_OCB_InterruptDisable
                0x0000066e        0x8 ./MCAL/Timer1/Timer1_prog.o
                0x0000066e                Timer1_OCB_InterruptDisable
 .text.Timer1_OVF_SetCallBack
                0x00000676       0x14 ./MCAL/Timer1/Timer1_prog.o
                0x00000676                Timer1_OVF_SetCallBack
 .text.Timer1_OCA_SetCallBack
                0x0000068a       0x14 ./MCAL/Timer1/Timer1_prog.o
                0x0000068a                Timer1_OCA_SetCallBack
 .text.Timer1_OCB_SetCallBack
                0x0000069e       0x14 ./MCAL/Timer1/Timer1_prog.o
                0x0000069e                Timer1_OCB_SetCallBack
 .text.Timer1_ICU_SetCallBack
                0x000006b2       0x14 ./MCAL/Timer1/Timer1_prog.o
                0x000006b2                Timer1_ICU_SetCallBack
 .text.__vector_9
                0x000006c6       0x52 ./MCAL/Timer1/Timer1_prog.o
                0x000006c6                __vector_9
 .text.__vector_7
                0x00000718       0x52 ./MCAL/Timer1/Timer1_prog.o
                0x00000718                __vector_7
 .text.__vector_8
                0x0000076a       0x52 ./MCAL/Timer1/Timer1_prog.o
                0x0000076a                __vector_8
 .text.__vector_6
                0x000007bc       0x52 ./MCAL/Timer1/Timer1_prog.o
                0x000007bc                __vector_6
 .text.MCAL_Timer0_OVF_Init
                0x0000080e       0x44 ./MCAL/Timer0/Timer0.o
                0x0000080e                MCAL_Timer0_OVF_Init
 .text.MCAL_Timer0_CTC_Init
                0x00000852       0x4c ./MCAL/Timer0/Timer0.o
                0x00000852                MCAL_Timer0_CTC_Init
 .text.MCAL_Timer0_FastPWM_Init
                0x0000089e       0x4e ./MCAL/Timer0/Timer0.o
                0x0000089e                MCAL_Timer0_FastPWM_Init
 .text.MCAL_Timer0_PCPWM_Init
                0x000008ec       0x48 ./MCAL/Timer0/Timer0.o
                0x000008ec                MCAL_Timer0_PCPWM_Init
 .text.I2C_Init
                0x00000934        0x8 ./MCAL/I2C/I2C.o
                0x00000934                I2C_Init
 .text.I2C_Start
                0x0000093c       0x3c ./MCAL/I2C/I2C.o
                0x0000093c                I2C_Start
 .text.I2C_Repeated_Start
                0x00000978       0x3c ./MCAL/I2C/I2C.o
                0x00000978                I2C_Repeated_Start
 .text.I2C_Stop
                0x000009b4        0xc ./MCAL/I2C/I2C.o
                0x000009b4                I2C_Stop
 .text.I2C_Start_Wait
                0x000009c0       0x36 ./MCAL/I2C/I2C.o
                0x000009c0                I2C_Start_Wait
 .text.I2C_Write
                0x000009f6       0x24 ./MCAL/I2C/I2C.o
                0x000009f6                I2C_Write
 .text.I2C_Read_Ack
                0x00000a1a       0x10 ./MCAL/I2C/I2C.o
                0x00000a1a                I2C_Read_Ack
 .text.I2C_Read_Nack
                0x00000a2a       0x10 ./MCAL/I2C/I2C.o
                0x00000a2a                I2C_Read_Nack
 .text.TWI_init
                0x00000a3a       0x10 ./MCAL/I2C/twi.o
                0x00000a3a                TWI_init
 .text.TWI_start
                0x00000a4a        0xc ./MCAL/I2C/twi.o
                0x00000a4a                TWI_start
 .text.TWI_stop
                0x00000a56        0x6 ./MCAL/I2C/twi.o
                0x00000a56                TWI_stop
 .text.TWI_writeByte
                0x00000a5c        0xe ./MCAL/I2C/twi.o
                0x00000a5c                TWI_writeByte
 .text.TWI_readByteWithACK
                0x00000a6a        0xe ./MCAL/I2C/twi.o
                0x00000a6a                TWI_readByteWithACK
 .text.TWI_readByteWithNACK
                0x00000a78        0xe ./MCAL/I2C/twi.o
                0x00000a78                TWI_readByteWithNACK
 .text.TWI_getStatus
                0x00000a86        0x6 ./MCAL/I2C/twi.o
                0x00000a86                TWI_getStatus
 .text.MCAL_EXT_INT_0_init
                0x00000a8c       0x44 ./MCAL/EXT/External_interrupt.o
                0x00000a8c                MCAL_EXT_INT_0_init
 .text.MCAL_EXT_INT_1_init
                0x00000ad0       0x44 ./MCAL/EXT/External_interrupt.o
                0x00000ad0                MCAL_EXT_INT_1_init
 .text.MCAL_EXT_INT_2_init
                0x00000b14       0x2c ./MCAL/EXT/External_interrupt.o
                0x00000b14                MCAL_EXT_INT_2_init
 .text.MCAL_Ext_INT_setCallBack
                0x00000b40       0x3a ./MCAL/EXT/External_interrupt.o
                0x00000b40                MCAL_Ext_INT_setCallBack
 .text.__vector_1
                0x00000b7a       0x52 ./MCAL/EXT/External_interrupt.o
                0x00000b7a                __vector_1
 .text.__vector_2
                0x00000bcc       0x52 ./MCAL/EXT/External_interrupt.o
                0x00000bcc                __vector_2
 .text.__vector_3
                0x00000c1e       0x52 ./MCAL/EXT/External_interrupt.o
                0x00000c1e                __vector_3
 .text.EEPROM_readByte
                0x00000c70       0x8a ./MCAL/EEPROM/external_eeprom.o
                0x00000c70                EEPROM_readByte
 .text.EEPROM_writeByte
                0x00000cfa       0x62 ./MCAL/EEPROM/external_eeprom.o
                0x00000cfa                EEPROM_writeByte
 .text.MCAL_Dio_Init
                0x00000d5c       0x58 ./MCAL/DIO/DIO.o
                0x00000d5c                MCAL_Dio_Init
 .text.MCAL_Dio_SetPortDirection
                0x00000db4       0x3a ./MCAL/DIO/DIO.o
                0x00000db4                MCAL_Dio_SetPortDirection
 .text.MCAL_Dio_SetPinDirection
                0x00000dee       0x58 ./MCAL/DIO/DIO.o
                0x00000dee                MCAL_Dio_SetPinDirection
 .text.MCAL_Dio_ReadPort
                0x00000e46       0x38 ./MCAL/DIO/DIO.o
                0x00000e46                MCAL_Dio_ReadPort
 .text.MCAL_Dio_ReadPin
                0x00000e7e       0x58 ./MCAL/DIO/DIO.o
                0x00000e7e                MCAL_Dio_ReadPin
 .text.MCAL_Dio_WritePort
                0x00000ed6       0x32 ./MCAL/DIO/DIO.o
                0x00000ed6                MCAL_Dio_WritePort
 .text.MCAL_Dio_WritePin
                0x00000f08       0x56 ./MCAL/DIO/DIO.o
                0x00000f08                MCAL_Dio_WritePin
 .text.MCAL_Dio_WriteSinglePin
                0x00000f5e      0x112 ./MCAL/DIO/DIO.o
                0x00000f5e                MCAL_Dio_WriteSinglePin
 .text.MCAL_Dio_ReadSinglePin
                0x00001070       0x76 ./MCAL/DIO/DIO.o
                0x00001070                MCAL_Dio_ReadSinglePin
 .text.MCAL_Dio_TogglePin
                0x000010e6       0x8e ./MCAL/DIO/DIO.o
                0x000010e6                MCAL_Dio_TogglePin
 .text.MCAL_ADC_READ
                0x00001174       0x1a ./MCAL/ADC/ADC_prog.o
                0x00001174                MCAL_ADC_READ
 .text.MCAL_ADC_INIT
                0x0000118e       0x54 ./MCAL/ADC/ADC_prog.o
                0x0000118e                MCAL_ADC_INIT
 .text.HAL_Solenoid_Close
                0x000011e2       0x30 ./HAL/Solenoid/Solenoid.o
                0x000011e2                HAL_Solenoid_Close
 .text.HAL_Solenoid_Open
                0x00001212       0x30 ./HAL/Solenoid/Solenoid.o
                0x00001212                HAL_Solenoid_Open
 .text.HAL_Solenoid_init
                0x00001242       0x2e ./HAL/Solenoid/Solenoid.o
                0x00001242                HAL_Solenoid_init
 .text.HAL_SERVO_Increment
                0x00001270       0x36 ./HAL/SERVO/Servo.o
                0x00001270                HAL_SERVO_Increment
 .text.HAL_SERVO_Write
                0x000012a6       0x68 ./HAL/SERVO/Servo.o
                0x000012a6                HAL_SERVO_Write
 .text.HAL_SERVO_Write_CCW
                0x0000130e        0x8 ./HAL/SERVO/Servo.o
                0x0000130e                HAL_SERVO_Write_CCW
 .text.HAL_SERVO_Write_CW
                0x00001316        0x8 ./HAL/SERVO/Servo.o
                0x00001316                HAL_SERVO_Write_CW
 .text.HAL_SERVO_INIT
                0x0000131e       0x7c ./HAL/SERVO/Servo.o
                0x0000131e                HAL_SERVO_INIT
 .text.HAL_RTC_ReadDate
                0x0000139a       0x4c ./HAL/RTC/RTC.o
                0x0000139a                HAL_RTC_ReadDate
 .text.HAL_RTC_ReadTime
                0x000013e6       0x3c ./HAL/RTC/RTC.o
                0x000013e6                HAL_RTC_ReadTime
 .text.HAL_RTC_Init
                0x00001422      0x126 ./HAL/RTC/RTC.o
                0x00001422                HAL_RTC_Init
 .text.Login    0x00001548       0xdc ./HAL/Password/Password.o
                0x00001548                Login
 .text.Enter_Password
                0x00001624      0x1b2 ./HAL/Password/Password.o
                0x00001624                Enter_Password
 .text.HAL_PIR_Read
                0x000017d6       0x2e ./HAL/PIR/PIR.o
                0x000017d6                HAL_PIR_Read
 .text.HAL_PIR_Init
                0x00001804       0x3e ./HAL/PIR/PIR.o
                0x00001804                HAL_PIR_Init
 .text.HAL_LM35_readTemp
                0x00001842       0x20 ./HAL/LM35/LM35_Prog.o
                0x00001842                HAL_LM35_readTemp
 .text.HAL_LED_TOGGLE
                0x00001862       0x58 ./HAL/LED/LED.o
                0x00001862                HAL_LED_TOGGLE
 .text.HAL_LED_OFF
                0x000018ba       0x28 ./HAL/LED/LED.o
                0x000018ba                HAL_LED_OFF
 .text.HAL_LED_ON
                0x000018e2       0x28 ./HAL/LED/LED.o
                0x000018e2                HAL_LED_ON
 .text.HAL_LED_INIT
                0x0000190a       0x28 ./HAL/LED/LED.o
                0x0000190a                HAL_LED_INIT
 .text.HAL_LDR_Read
                0x00001932       0x44 ./HAL/LDR/LDR_prg.o
                0x00001932                HAL_LDR_Read
 .text.HAL_LDR_Init
                0x00001976        0xa ./HAL/LDR/LDR_prg.o
                0x00001976                HAL_LDR_Init
 .text.HAL_LCD_sendCharacter
                0x00001980      0x172 ./HAL/LCD/lcd_Prog.o
                0x00001980                HAL_LCD_sendCharacter
 .text.HAL_LCD_sendString
                0x00001af2       0x2c ./HAL/LCD/lcd_Prog.o
                0x00001af2                HAL_LCD_sendString
 .text.HAL_LCD_integerToString
                0x00001b1e       0xee ./HAL/LCD/lcd_Prog.o
                0x00001b1e                HAL_LCD_integerToString
 .text.HAL_LCD_sendCommand
                0x00001c0c      0x17a ./HAL/LCD/lcd_Prog.o
                0x00001c0c                HAL_LCD_sendCommand
 .text.HAL_LCD_goToRowColumn
                0x00001d86       0x28 ./HAL/LCD/lcd_Prog.o
                0x00001d86                HAL_LCD_goToRowColumn
 .text.HAL_LCD_displayIntegerRowColumn
                0x00001dae       0x26 ./HAL/LCD/lcd_Prog.o
                0x00001dae                HAL_LCD_displayIntegerRowColumn
 .text.HAL_LCD_displaystringRowColumn
                0x00001dd4       0x1a ./HAL/LCD/lcd_Prog.o
                0x00001dd4                HAL_LCD_displaystringRowColumn
 .text.HAL_LCD_clearScreen
                0x00001dee       0x16 ./HAL/LCD/lcd_Prog.o
                0x00001dee                HAL_LCD_clearScreen
 .text.HAL_LCD_init
                0x00001e04       0xd8 ./HAL/LCD/lcd_Prog.o
                0x00001e04                HAL_LCD_init
 .text.HAL_KPD_getKey
                0x00001edc      0x178 ./HAL/KeyPad/keypad.o
                0x00001edc                HAL_KPD_getKey
 .text.HAL_KPD_init
                0x00002054       0x72 ./HAL/KeyPad/keypad.o
                0x00002054                HAL_KPD_init
 .text.HAL_IR_Init
                0x000020c6        0x6 ./HAL/IR/IR_Prog.o
                0x000020c6                HAL_IR_Init
 .text.HAL_IR_Read
                0x000020cc        0xc ./HAL/IR/IR_Prog.o
                0x000020cc                HAL_IR_Read
 .text.HAL_DCMOTOR_Ehalfspeed
                0x000020d8       0x26 ./HAL/DC TRIAL/DC TRIAL/DCMOTOR_Prog.o
                0x000020d8                HAL_DCMOTOR_Ehalfspeed
 .text.HAL_DCMOTOR_stop
                0x000020fe       0x1c ./HAL/DC TRIAL/DC TRIAL/DCMOTOR_Prog.o
                0x000020fe                HAL_DCMOTOR_stop
 .text.HAL_DCMOTOR_Edirection
                0x0000211a       0x22 ./HAL/DC TRIAL/DC TRIAL/DCMOTOR_Prog.o
                0x0000211a                HAL_DCMOTOR_Edirection
 .text.HAL_DCMOTOR_Efullspeed
                0x0000213c       0x1e ./HAL/DC TRIAL/DC TRIAL/DCMOTOR_Prog.o
                0x0000213c                HAL_DCMOTOR_Efullspeed
 .text.HAL_DCMOTOR_Einit
                0x0000215a       0x3e ./HAL/DC TRIAL/DC TRIAL/DCMOTOR_Prog.o
                0x0000215a                HAL_DCMOTOR_Einit
 .text.write_nibble
                0x00002198       0xe8 ./HAL/DC TRIAL/DC TRIAL/DIO.o
                0x00002198                write_nibble
 .text.DIO_vsetbitdir
                0x00002280      0x100 ./HAL/DC TRIAL/DC TRIAL/DIO.o
                0x00002280                DIO_vsetbitdir
 .text.DIO_vsetportdir
                0x00002380       0x66 ./HAL/DC TRIAL/DC TRIAL/DIO.o
                0x00002380                DIO_vsetportdir
 .text.DIO_vpinwrite
                0x000023e6      0x100 ./HAL/DC TRIAL/DC TRIAL/DIO.o
                0x000023e6                DIO_vpinwrite
 .text.DIO_vportwrite
                0x000024e6       0x3e ./HAL/DC TRIAL/DC TRIAL/DIO.o
                0x000024e6                DIO_vportwrite
 .text.DIO_u8pinread
                0x00002524       0x7e ./HAL/DC TRIAL/DC TRIAL/DIO.o
                0x00002524                DIO_u8pinread
 .text.DIO_u8portread
                0x000025a2       0x3e ./HAL/DC TRIAL/DC TRIAL/DIO.o
                0x000025a2                DIO_u8portread
 .text.Pullup_enable
                0x000025e0      0x14e ./HAL/DC TRIAL/DC TRIAL/DIO.o
                0x000025e0                Pullup_enable
 .text.HAL_BUZZER_OFF
                0x0000272e       0x28 ./HAL/Buzzrer/Buzzer.o
                0x0000272e                HAL_BUZZER_OFF
 .text.HAL_BUZZER_ON
                0x00002756       0x28 ./HAL/Buzzrer/Buzzer.o
                0x00002756                HAL_BUZZER_ON
 .text.HAL_BUZZER_INIT
                0x0000277e       0x28 ./HAL/Buzzrer/Buzzer.o
                0x0000277e                HAL_BUZZER_INIT
 .text.HAL_BUTTON_set_pullup
                0x000027a6       0x2e ./HAL/Button/Button.o
                0x000027a6                HAL_BUTTON_set_pullup
 .text.HAL_BUTTON_read
                0x000027d4       0x2e ./HAL/Button/Button.o
                0x000027d4                HAL_BUTTON_read
 .text.HAL_BUTTON_init
                0x00002802       0x2c ./HAL/Button/Button.o
                0x00002802                HAL_BUTTON_init
 .text.App_start
                0x0000282e       0x98 ./APP/App.o
                0x0000282e                App_start
 .text.App_init
                0x000028c6       0x72 ./APP/App.o
                0x000028c6                App_init
 .text.main     0x00002938        0xa ./main.o
                0x00002938                main
 .text.libgcc   0x00002942       0x3e c:/ayaya/nti 4 month/flashdrive/nti/sdk_win_64/sdk_win_64/winavr/bin/../lib/gcc/avr/4.3.3/avr5\libgcc.a(_mulsi3.o)
                0x00002942                __mulsi3
 .text.libgcc   0x00002980       0x18 c:/ayaya/nti 4 month/flashdrive/nti/sdk_win_64/sdk_win_64/winavr/bin/../lib/gcc/avr/4.3.3/avr5\libgcc.a(_udivmodqi4.o)
                0x00002980                __udivmodqi4
 .text.libgcc   0x00002998       0x28 c:/ayaya/nti 4 month/flashdrive/nti/sdk_win_64/sdk_win_64/winavr/bin/../lib/gcc/avr/4.3.3/avr5\libgcc.a(_udivmodhi4.o)
                0x00002998                __udivmodhi4
 .text.libgcc   0x000029c0       0x44 c:/ayaya/nti 4 month/flashdrive/nti/sdk_win_64/sdk_win_64/winavr/bin/../lib/gcc/avr/4.3.3/avr5\libgcc.a(_udivmodsi4.o)
                0x000029c0                __udivmodsi4
 .text.libgcc   0x00002a04       0x36 c:/ayaya/nti 4 month/flashdrive/nti/sdk_win_64/sdk_win_64/winavr/bin/../lib/gcc/avr/4.3.3/avr5\libgcc.a(_divmodsi4.o)
                0x00002a04                __divmodsi4
 .text.libgcc   0x00002a3a        0x0 c:/ayaya/nti 4 month/flashdrive/nti/sdk_win_64/sdk_win_64/winavr/bin/../lib/gcc/avr/4.3.3/avr5\libgcc.a(_exit.o)
 .text.libgcc   0x00002a3a        0x0 c:/ayaya/nti 4 month/flashdrive/nti/sdk_win_64/sdk_win_64/winavr/bin/../lib/gcc/avr/4.3.3/avr5\libgcc.a(_copy_data.o)
 .text.libgcc   0x00002a3a        0x0 c:/ayaya/nti 4 month/flashdrive/nti/sdk_win_64/sdk_win_64/winavr/bin/../lib/gcc/avr/4.3.3/avr5\libgcc.a(_clear_bss.o)
 .text.avr-libc
                0x00002a3a       0x48 c:/ayaya/nti 4 month/flashdrive/nti/sdk_win_64/sdk_win_64/winavr/bin/../lib/gcc/avr/4.3.3/../../../../avr/lib/avr5\libc.a(sprintf.o)
                0x00002a3a                sprintf
 .text.avr-libc
                0x00002a82      0x3ba c:/ayaya/nti 4 month/flashdrive/nti/sdk_win_64/sdk_win_64/winavr/bin/../lib/gcc/avr/4.3.3/../../../../avr/lib/avr5\libc.a(vfprintf_std.o)
                0x00002a82                vfprintf
 .text.avr-libc
                0x00002e3c       0x16 c:/ayaya/nti 4 month/flashdrive/nti/sdk_win_64/sdk_win_64/winavr/bin/../lib/gcc/avr/4.3.3/../../../../avr/lib/avr5\libc.a(strnlen_P.o)
                0x00002e3c                strnlen_P
 .text.avr-libc
                0x00002e52       0x16 c:/ayaya/nti 4 month/flashdrive/nti/sdk_win_64/sdk_win_64/winavr/bin/../lib/gcc/avr/4.3.3/../../../../avr/lib/avr5\libc.a(strnlen.o)
                0x00002e52                strnlen
 .text.avr-libc
                0x00002e68       0x58 c:/ayaya/nti 4 month/flashdrive/nti/sdk_win_64/sdk_win_64/winavr/bin/../lib/gcc/avr/4.3.3/../../../../avr/lib/avr5\libc.a(fputc.o)
                0x00002e68                fputc
 .text.avr-libc
                0x00002ec0       0xbc c:/ayaya/nti 4 month/flashdrive/nti/sdk_win_64/sdk_win_64/winavr/bin/../lib/gcc/avr/4.3.3/../../../../avr/lib/avr5\libc.a(ultoa_invert.o)
                0x00002ec0                __ultoa_invert
 .text.libgcc   0x00002f7c       0x38 c:/ayaya/nti 4 month/flashdrive/nti/sdk_win_64/sdk_win_64/winavr/bin/../lib/gcc/avr/4.3.3/avr5\libgcc.a(_prologue.o)
                0x00002f7c                __prologue_saves__
 .text.libgcc   0x00002fb4       0x36 c:/ayaya/nti 4 month/flashdrive/nti/sdk_win_64/sdk_win_64/winavr/bin/../lib/gcc/avr/4.3.3/avr5\libgcc.a(_epilogue.o)
                0x00002fb4                __epilogue_restores__
                0x00002fea                . = ALIGN (0x2)
 *(.fini9)
 .fini9         0x00002fea        0x0 c:/ayaya/nti 4 month/flashdrive/nti/sdk_win_64/sdk_win_64/winavr/bin/../lib/gcc/avr/4.3.3/avr5\libgcc.a(_exit.o)
                0x00002fea                exit
                0x00002fea                _exit
 *(.fini9)
 *(.fini8)
 *(.fini8)
 *(.fini7)
 *(.fini7)
 *(.fini6)
 *(.fini6)
 *(.fini5)
 *(.fini5)
 *(.fini4)
 *(.fini4)
 *(.fini3)
 *(.fini3)
 *(.fini2)
 *(.fini2)
 *(.fini1)
 *(.fini1)
 *(.fini0)
 .fini0         0x00002fea        0x4 c:/ayaya/nti 4 month/flashdrive/nti/sdk_win_64/sdk_win_64/winavr/bin/../lib/gcc/avr/4.3.3/avr5\libgcc.a(_exit.o)
 *(.fini0)
                0x00002fee                _etext = .

.data           0x00800060       0xda load address 0x00002fee
                0x00800060                PROVIDE (__data_start, .)
 *(.data)
 .data          0x00800060        0x0 c:/ayaya/nti 4 month/flashdrive/nti/sdk_win_64/sdk_win_64/winavr/bin/../lib/gcc/avr/4.3.3/../../../../avr/lib/avr5/crtm32.o
 .data          0x00800060        0x0 ./SERVICE/TempControl/TempControl.o
 .data          0x00800060        0x0 ./SERVICE/SET_ON_FLAG/setOnFlag.o
 .data          0x00800060        0x0 ./SERVICE/OpenDoor/OpenDoor.o
 .data          0x00800060        0x0 ./SERVICE/LockHouse/lockHouse.o
 .data          0x00800060        0x0 ./SERVICE/LEDs_Control/SERVICE_LEDS_Control.o
 .data          0x00800060        0x0 ./SERVICE/EnterPass/EnterPass.o
 .data          0x00800060        0x0 ./SERVICE/EVERYTHING_ON/EverythingOn.o
 .data          0x00800060       0x24 ./SERVICE/DisplayDateTime/DisplayDateTime.o
 .data          0x00800084        0x0 ./SERVICE/CurtainsSetFlag/prog.o
 .data          0x00800084        0x0 ./SERVICE/CheckIR/Check_IR.o
 .data          0x00800084        0x0 ./MCAL/UART/Uart.o
 .data          0x00800084        0x0 ./MCAL/Timer1/Timer1_prog.o
 .data          0x00800084        0x0 ./MCAL/Timer0/Timer0.o
 .data          0x00800084        0x0 ./MCAL/I2C/I2C.o
 .data          0x00800084        0x0 ./MCAL/I2C/twi.o
 .data          0x00800084        0x0 ./MCAL/EXT/External_interrupt.o
 .data          0x00800084        0x0 ./MCAL/EEPROM/external_eeprom.o
 .data          0x00800084        0x0 ./MCAL/DIO/DIO.o
 .data          0x00800084        0x0 ./MCAL/ADC/ADC_prog.o
 .data          0x00800084        0x0 ./HAL/Solenoid/Solenoid.o
 .data          0x00800084        0x0 ./HAL/SERVO/Servo.o
 .data          0x00800084        0x0 ./HAL/RTC/RTC.o
 .data          0x00800084       0x26 ./HAL/Password/Password.o
 .data          0x008000aa        0x0 ./HAL/PIR/PIR.o
 .data          0x008000aa        0x0 ./HAL/LM35/LM35_Prog.o
 .data          0x008000aa        0x0 ./HAL/LED/LED.o
 .data          0x008000aa        0x0 ./HAL/LDR/LDR_prg.o
 .data          0x008000aa        0x0 ./HAL/LCD/lcd_Prog.o
 .data          0x008000aa        0x0 ./HAL/KeyPad/keypad.o
 .data          0x008000aa        0x0 ./HAL/IR/IR_Prog.o
 .data          0x008000aa        0x0 ./HAL/DC TRIAL/DC TRIAL/DCMOTOR_Prog.o
 .data          0x008000aa        0x0 ./HAL/DC TRIAL/DC TRIAL/DIO.o
 .data          0x008000aa        0x0 ./HAL/Buzzrer/Buzzer.o
 .data          0x008000aa        0x0 ./HAL/Button/Button.o
 .data          0x008000aa       0x49 ./APP/App.o
 .data          0x008000f3        0x0 ./main.o
 .data          0x008000f3        0x0 c:/ayaya/nti 4 month/flashdrive/nti/sdk_win_64/sdk_win_64/winavr/bin/../lib/gcc/avr/4.3.3/avr5\libgcc.a(_mulsi3.o)
 .data          0x008000f3        0x0 c:/ayaya/nti 4 month/flashdrive/nti/sdk_win_64/sdk_win_64/winavr/bin/../lib/gcc/avr/4.3.3/avr5\libgcc.a(_udivmodqi4.o)
 .data          0x008000f3        0x0 c:/ayaya/nti 4 month/flashdrive/nti/sdk_win_64/sdk_win_64/winavr/bin/../lib/gcc/avr/4.3.3/avr5\libgcc.a(_udivmodhi4.o)
 .data          0x008000f3        0x0 c:/ayaya/nti 4 month/flashdrive/nti/sdk_win_64/sdk_win_64/winavr/bin/../lib/gcc/avr/4.3.3/avr5\libgcc.a(_udivmodsi4.o)
 .data          0x008000f3        0x0 c:/ayaya/nti 4 month/flashdrive/nti/sdk_win_64/sdk_win_64/winavr/bin/../lib/gcc/avr/4.3.3/avr5\libgcc.a(_divmodsi4.o)
 .data          0x008000f3        0x0 c:/ayaya/nti 4 month/flashdrive/nti/sdk_win_64/sdk_win_64/winavr/bin/../lib/gcc/avr/4.3.3/avr5\libgcc.a(_exit.o)
 .data          0x008000f3        0x0 c:/ayaya/nti 4 month/flashdrive/nti/sdk_win_64/sdk_win_64/winavr/bin/../lib/gcc/avr/4.3.3/avr5\libgcc.a(_copy_data.o)
 .data          0x008000f3        0x0 c:/ayaya/nti 4 month/flashdrive/nti/sdk_win_64/sdk_win_64/winavr/bin/../lib/gcc/avr/4.3.3/avr5\libgcc.a(_clear_bss.o)
 .data          0x008000f3        0x0 c:/ayaya/nti 4 month/flashdrive/nti/sdk_win_64/sdk_win_64/winavr/bin/../lib/gcc/avr/4.3.3/../../../../avr/lib/avr5\libc.a(sprintf.o)
 .data          0x008000f3        0x0 c:/ayaya/nti 4 month/flashdrive/nti/sdk_win_64/sdk_win_64/winavr/bin/../lib/gcc/avr/4.3.3/../../../../avr/lib/avr5\libc.a(vfprintf_std.o)
 .data          0x008000f3        0x0 c:/ayaya/nti 4 month/flashdrive/nti/sdk_win_64/sdk_win_64/winavr/bin/../lib/gcc/avr/4.3.3/../../../../avr/lib/avr5\libc.a(strnlen_P.o)
 .data          0x008000f3        0x0 c:/ayaya/nti 4 month/flashdrive/nti/sdk_win_64/sdk_win_64/winavr/bin/../lib/gcc/avr/4.3.3/../../../../avr/lib/avr5\libc.a(strnlen.o)
 .data          0x008000f3        0x0 c:/ayaya/nti 4 month/flashdrive/nti/sdk_win_64/sdk_win_64/winavr/bin/../lib/gcc/avr/4.3.3/../../../../avr/lib/avr5\libc.a(fputc.o)
 .data          0x008000f3        0x0 c:/ayaya/nti 4 month/flashdrive/nti/sdk_win_64/sdk_win_64/winavr/bin/../lib/gcc/avr/4.3.3/../../../../avr/lib/avr5\libc.a(ultoa_invert.o)
 .data          0x008000f3        0x0 c:/ayaya/nti 4 month/flashdrive/nti/sdk_win_64/sdk_win_64/winavr/bin/../lib/gcc/avr/4.3.3/avr5\libgcc.a(_prologue.o)
 .data          0x008000f3        0x0 c:/ayaya/nti 4 month/flashdrive/nti/sdk_win_64/sdk_win_64/winavr/bin/../lib/gcc/avr/4.3.3/avr5\libgcc.a(_epilogue.o)
 *(.data*)
 .data.LockedFlag
                0x008000f3        0x1 ./SERVICE/CurtainsSetFlag/prog.o
                0x008000f3                LockedFlag
 .data.scaler   0x008000f4        0x1 ./MCAL/ADC/ADC_prog.o
 .data.S_LDR    0x008000f5        0x3 ./HAL/LDR/LDR_prg.o
                0x008000f5                S_LDR
 .data.keypad_keys
                0x008000f8       0x10 ./HAL/KeyPad/keypad.o
                0x008000f8                keypad_keys
 .data.S_DC     0x00800108        0x7 ./APP/App.o
                0x00800108                S_DC
 .data.RTCData  0x0080010f        0x7 ./APP/App.o
                0x0080010f                RTCData
 *(.rodata)
 *(.rodata*)
 .rodata.C.0.1291
                0x00800116        0x3 ./MCAL/ADC/ADC_prog.o
 .rodata.C.5.1437
                0x00800119        0x3 ./HAL/SERVO/Servo.o
 .rodata.C.3.1434
                0x0080011c        0x3 ./HAL/SERVO/Servo.o
 .rodata.C.19.1388
                0x0080011f        0x3 ./HAL/LCD/lcd_Prog.o
 .rodata.C.18.1387
                0x00800122        0x3 ./HAL/LCD/lcd_Prog.o
 .rodata.C.16.1385
                0x00800125        0x3 ./HAL/LCD/lcd_Prog.o
 .rodata.C.9.1350
                0x00800128        0x3 ./HAL/LCD/lcd_Prog.o
 .rodata.C.8.1349
                0x0080012b        0x3 ./HAL/LCD/lcd_Prog.o
 .rodata.C.6.1347
                0x0080012e        0x3 ./HAL/LCD/lcd_Prog.o
 .rodata.C.4.1337
                0x00800131        0x3 ./HAL/LCD/lcd_Prog.o
 .rodata.C.2.1335
                0x00800134        0x3 ./HAL/LCD/lcd_Prog.o
 .rodata.C.0.1333
                0x00800137        0x3 ./HAL/LCD/lcd_Prog.o
 *(.gnu.linkonce.d*)
                0x0080013a                . = ALIGN (0x2)
                0x0080013a                _edata = .
                0x0080013a                PROVIDE (__data_end, .)

.bss            0x0080013a       0x37
                0x0080013a                PROVIDE (__bss_start, .)
 *(.bss)
 .bss           0x0080013a        0x0 c:/ayaya/nti 4 month/flashdrive/nti/sdk_win_64/sdk_win_64/winavr/bin/../lib/gcc/avr/4.3.3/../../../../avr/lib/avr5/crtm32.o
 .bss           0x0080013a        0x0 ./SERVICE/TempControl/TempControl.o
 .bss           0x0080013a        0x0 ./SERVICE/SET_ON_FLAG/setOnFlag.o
 .bss           0x0080013a        0x0 ./SERVICE/OpenDoor/OpenDoor.o
 .bss           0x0080013a        0x0 ./SERVICE/LockHouse/lockHouse.o
 .bss           0x0080013a        0x0 ./SERVICE/LEDs_Control/SERVICE_LEDS_Control.o
 .bss           0x0080013a        0x0 ./SERVICE/EnterPass/EnterPass.o
 .bss           0x0080013a        0x0 ./SERVICE/EVERYTHING_ON/EverythingOn.o
 .bss           0x0080013a        0x0 ./SERVICE/DisplayDateTime/DisplayDateTime.o
 .bss           0x0080013a        0x0 ./SERVICE/CurtainsSetFlag/prog.o
 .bss           0x0080013a        0x0 ./SERVICE/CheckIR/Check_IR.o
 .bss           0x0080013a        0x0 ./MCAL/UART/Uart.o
 .bss           0x0080013a        0x0 ./MCAL/Timer1/Timer1_prog.o
 .bss           0x0080013a        0x0 ./MCAL/Timer0/Timer0.o
 .bss           0x0080013a        0x0 ./MCAL/I2C/I2C.o
 .bss           0x0080013a        0x0 ./MCAL/I2C/twi.o
 .bss           0x0080013a        0x0 ./MCAL/EXT/External_interrupt.o
 .bss           0x0080013a        0x0 ./MCAL/EEPROM/external_eeprom.o
 .bss           0x0080013a        0x0 ./MCAL/DIO/DIO.o
 .bss           0x0080013a        0x0 ./MCAL/ADC/ADC_prog.o
 .bss           0x0080013a        0x0 ./HAL/Solenoid/Solenoid.o
 .bss           0x0080013a        0x0 ./HAL/SERVO/Servo.o
 .bss           0x0080013a        0x0 ./HAL/RTC/RTC.o
 .bss           0x0080013a        0x0 ./HAL/Password/Password.o
 .bss           0x0080013a        0x0 ./HAL/PIR/PIR.o
 .bss           0x0080013a        0x0 ./HAL/LM35/LM35_Prog.o
 .bss           0x0080013a        0x0 ./HAL/LED/LED.o
 .bss           0x0080013a        0x0 ./HAL/LDR/LDR_prg.o
 .bss           0x0080013a        0x0 ./HAL/LCD/lcd_Prog.o
 .bss           0x0080013a        0x0 ./HAL/KeyPad/keypad.o
 .bss           0x0080013a        0x0 ./HAL/IR/IR_Prog.o
 .bss           0x0080013a        0x0 ./HAL/DC TRIAL/DC TRIAL/DCMOTOR_Prog.o
 .bss           0x0080013a        0x0 ./HAL/DC TRIAL/DC TRIAL/DIO.o
 .bss           0x0080013a        0x0 ./HAL/Buzzrer/Buzzer.o
 .bss           0x0080013a        0x0 ./HAL/Button/Button.o
 .bss           0x0080013a        0x0 ./APP/App.o
 .bss           0x0080013a        0x0 ./main.o
 .bss           0x0080013a        0x0 c:/ayaya/nti 4 month/flashdrive/nti/sdk_win_64/sdk_win_64/winavr/bin/../lib/gcc/avr/4.3.3/avr5\libgcc.a(_mulsi3.o)
 .bss           0x0080013a        0x0 c:/ayaya/nti 4 month/flashdrive/nti/sdk_win_64/sdk_win_64/winavr/bin/../lib/gcc/avr/4.3.3/avr5\libgcc.a(_udivmodqi4.o)
 .bss           0x0080013a        0x0 c:/ayaya/nti 4 month/flashdrive/nti/sdk_win_64/sdk_win_64/winavr/bin/../lib/gcc/avr/4.3.3/avr5\libgcc.a(_udivmodhi4.o)
 .bss           0x0080013a        0x0 c:/ayaya/nti 4 month/flashdrive/nti/sdk_win_64/sdk_win_64/winavr/bin/../lib/gcc/avr/4.3.3/avr5\libgcc.a(_udivmodsi4.o)
 .bss           0x0080013a        0x0 c:/ayaya/nti 4 month/flashdrive/nti/sdk_win_64/sdk_win_64/winavr/bin/../lib/gcc/avr/4.3.3/avr5\libgcc.a(_divmodsi4.o)
 .bss           0x0080013a        0x0 c:/ayaya/nti 4 month/flashdrive/nti/sdk_win_64/sdk_win_64/winavr/bin/../lib/gcc/avr/4.3.3/avr5\libgcc.a(_exit.o)
 .bss           0x0080013a        0x0 c:/ayaya/nti 4 month/flashdrive/nti/sdk_win_64/sdk_win_64/winavr/bin/../lib/gcc/avr/4.3.3/avr5\libgcc.a(_copy_data.o)
 .bss           0x0080013a        0x0 c:/ayaya/nti 4 month/flashdrive/nti/sdk_win_64/sdk_win_64/winavr/bin/../lib/gcc/avr/4.3.3/avr5\libgcc.a(_clear_bss.o)
 .bss           0x0080013a        0x0 c:/ayaya/nti 4 month/flashdrive/nti/sdk_win_64/sdk_win_64/winavr/bin/../lib/gcc/avr/4.3.3/../../../../avr/lib/avr5\libc.a(sprintf.o)
 .bss           0x0080013a        0x0 c:/ayaya/nti 4 month/flashdrive/nti/sdk_win_64/sdk_win_64/winavr/bin/../lib/gcc/avr/4.3.3/../../../../avr/lib/avr5\libc.a(vfprintf_std.o)
 .bss           0x0080013a        0x0 c:/ayaya/nti 4 month/flashdrive/nti/sdk_win_64/sdk_win_64/winavr/bin/../lib/gcc/avr/4.3.3/../../../../avr/lib/avr5\libc.a(strnlen_P.o)
 .bss           0x0080013a        0x0 c:/ayaya/nti 4 month/flashdrive/nti/sdk_win_64/sdk_win_64/winavr/bin/../lib/gcc/avr/4.3.3/../../../../avr/lib/avr5\libc.a(strnlen.o)
 .bss           0x0080013a        0x0 c:/ayaya/nti 4 month/flashdrive/nti/sdk_win_64/sdk_win_64/winavr/bin/../lib/gcc/avr/4.3.3/../../../../avr/lib/avr5\libc.a(fputc.o)
 .bss           0x0080013a        0x0 c:/ayaya/nti 4 month/flashdrive/nti/sdk_win_64/sdk_win_64/winavr/bin/../lib/gcc/avr/4.3.3/../../../../avr/lib/avr5\libc.a(ultoa_invert.o)
 .bss           0x0080013a        0x0 c:/ayaya/nti 4 month/flashdrive/nti/sdk_win_64/sdk_win_64/winavr/bin/../lib/gcc/avr/4.3.3/avr5\libgcc.a(_prologue.o)
 .bss           0x0080013a        0x0 c:/ayaya/nti 4 month/flashdrive/nti/sdk_win_64/sdk_win_64/winavr/bin/../lib/gcc/avr/4.3.3/avr5\libgcc.a(_epilogue.o)
 *(.bss*)
 .bss.udata     0x0080013a        0x1 ./SERVICE/EVERYTHING_ON/EverythingOn.o
                0x0080013a                udata
 .bss.GlobalFlag
                0x0080013b        0x1 ./SERVICE/CurtainsSetFlag/prog.o
                0x0080013b                GlobalFlag
 .bss.ptr2fun_Data_register_empty
                0x0080013c        0x2 ./MCAL/UART/Uart.o
 .bss.ptr2fun_transmit_complete
                0x0080013e        0x2 ./MCAL/UART/Uart.o
 .bss.ptr2fun_receive_data
                0x00800140        0x2 ./MCAL/UART/Uart.o
 .bss.Timer1_ICU_Fptr
                0x00800142        0x2 ./MCAL/Timer1/Timer1_prog.o
 .bss.Timer1_OCB_Fptr
                0x00800144        0x2 ./MCAL/Timer1/Timer1_prog.o
 .bss.Timer1_OCA_Fptr
                0x00800146        0x2 ./MCAL/Timer1/Timer1_prog.o
 .bss.Timer1_OVF_Fptr
                0x00800148        0x2 ./MCAL/Timer1/Timer1_prog.o
 .bss.ptr2fun_ext_int_2
                0x0080014a        0x2 ./MCAL/EXT/External_interrupt.o
 .bss.ptr2fun_ext_int_1
                0x0080014c        0x2 ./MCAL/EXT/External_interrupt.o
 .bss.ptr2fun_ext_int_0
                0x0080014e        0x2 ./MCAL/EXT/External_interrupt.o
 *(COMMON)
 COMMON         0x00800150        0x2 ./SERVICE/SET_ON_FLAG/setOnFlag.o
                0x00800150                lockedFlag
                0x00800151                onFlag
 COMMON         0x00800152        0xb ./SERVICE/OpenDoor/OpenDoor.o
                0x00800152                temp_password
                0x00800153                fourth
                0x00800154                temp
                0x00800155                second
                0x00800156                Get_character
                0x00800157                c
                0x00800158                login_flag
                0x00800159                temp2_password
                0x0080015a                third
                0x0080015b                first
                0x0080015c                Set_flag
 COMMON         0x0080015d       0x14 ./SERVICE/DisplayDateTime/DisplayDateTime.o
                0x0080015d                buffer
                0x00800171                PROVIDE (__bss_end, .)
                0x00002fee                __data_load_start = LOADADDR (.data)
                0x000030c8                __data_load_end = (__data_load_start + SIZEOF (.data))

.noinit         0x00800171        0x0
                0x00800171                PROVIDE (__noinit_start, .)
 *(.noinit*)
                0x00800171                PROVIDE (__noinit_end, .)
                0x00800171                _end = .
                0x00800171                PROVIDE (__heap_start, .)

.eeprom         0x00810000        0x0
 *(.eeprom*)
                0x00810000                __eeprom_end = .

.fuse
 *(.fuse)
 *(.lfuse)
 *(.hfuse)
 *(.efuse)

.lock
 *(.lock*)

.signature
 *(.signature*)

.stab
 *(.stab)

.stabstr
 *(.stabstr)

.stab.excl
 *(.stab.excl)

.stab.exclstr
 *(.stab.exclstr)

.stab.index
 *(.stab.index)

.stab.indexstr
 *(.stab.indexstr)

.comment
 *(.comment)

.debug
 *(.debug)

.line
 *(.line)

.debug_srcinfo
 *(.debug_srcinfo)

.debug_sfnames
 *(.debug_sfnames)

.debug_aranges
 *(.debug_aranges)

.debug_pubnames
 *(.debug_pubnames)

.debug_info
 *(.debug_info)
 *(.gnu.linkonce.wi.*)

.debug_abbrev
 *(.debug_abbrev)

.debug_line
 *(.debug_line)

.debug_frame
 *(.debug_frame)

.debug_str
 *(.debug_str)

.debug_loc
 *(.debug_loc)

.debug_macinfo
 *(.debug_macinfo)
OUTPUT(AVR_Project.elf elf32-avr)
LOAD linker stubs
